2026-10-05 14:00:29,583 | INFO | MainProcess | celery.worker.strategy | Task fs_csv_file_convert_db[ff341e05-e90e-45aa-a76f-3e0b6c10b414] received
2026-10-05 14:00:29,585 | INFO | ForkPoolWorker-8 | celery.monitor | TASK_START name=fs_csv_file_convert_db id=ff341e05-e90e-45aa-a76f-3e0b6c10b414
2026-10-05 14:00:29,635 | INFO | ForkPoolWorker-8 | sqlalchemy.engine.Engine | select pg_catalog.version()
2026-10-05 14:00:29,635 | INFO | ForkPoolWorker-8 | sqlalchemy.engine.Engine | [raw sql] ()
2026-10-05 14:00:29,637 | INFO | ForkPoolWorker-8 | sqlalchemy.engine.Engine | select current_schema()
2026-10-05 14:00:29,637 | INFO | ForkPoolWorker-8 | sqlalchemy.engine.Engine | [raw sql] ()
2026-10-05 14:00:29,638 | INFO | ForkPoolWorker-8 | sqlalchemy.engine.Engine | show standard_conforming_strings
2026-10-05 14:00:29,639 | INFO | ForkPoolWorker-8 | sqlalchemy.engine.Engine | [raw sql] ()
2026-10-05 14:00:29,640 | INFO | ForkPoolWorker-8 | sqlalchemy.engine.Engine | BEGIN (implicit)
2026-10-05 14:00:29,654 | INFO | ForkPoolWorker-8 | sqlalchemy.engine.Engine | SELECT ds_fileuploads.id, ds_fileuploads.file_name, ds_fileuploads.file_path, ds_fileuploads.uploaded_at, ds_fileuploads.upload_status, ds_fileuploads.prediction_status, ds_fileuploads.is_active, ds_fileuploads.convert_db 
FROM ds_fileuploads 
WHERE ds_fileuploads.id = $1::INTEGER
2026-10-05 14:00:29,654 | INFO | ForkPoolWorker-8 | sqlalchemy.engine.Engine | [generated in 0.00033s] (11,)
2026-10-05 14:00:29,656 | INFO | ForkPoolWorker-8 | sqlalchemy.engine.Engine | ROLLBACK
2026-10-05 14:00:29,856 | INFO | ForkPoolWorker-8 | celery.app.trace | Task fs_csv_file_convert_db[ff341e05-e90e-45aa-a76f-3e0b6c10b414] succeeded in 0.27075225100088574s: 'File \'11\' successfully processed.'
2026-10-05 14:00:29,856 | INFO | ForkPoolWorker-8 | celery.monitor | TASK_DONE name=fs_csv_file_convert_db id=ff341e05-e90e-45aa-a76f-3e0b6c10b414 state=SUCCESS
2026-10-05 14:10:58,452 | INFO | MainProcess | celery.worker.consumer.connection | Connected to amqp://fastapi_svc:**@127.0.0.1:5672/fastapi_vhost
2026-10-05 14:10:58,457 | INFO | MainProcess | celery.worker.consumer.mingle | mingle: searching for neighbors
2026-10-05 14:10:59,487 | INFO | MainProcess | celery.worker.consumer.mingle | mingle: all alone
2026-10-05 14:10:59,538 | INFO | MainProcess | celery.apps.worker | celery@blacky ready.
2026-10-05 14:33:57,345 | INFO | MainProcess | celery.worker.consumer.connection | Connected to amqp://fastapi_svc:**@127.0.0.1:5672/fastapi_vhost
2026-10-05 14:33:57,351 | INFO | MainProcess | celery.worker.consumer.mingle | mingle: searching for neighbors
2026-10-05 14:33:58,386 | INFO | MainProcess | celery.worker.consumer.mingle | mingle: all alone
2026-10-05 14:33:58,414 | INFO | MainProcess | celery.apps.worker | celery@blacky ready.
2026-10-05 14:38:37,531 | INFO | MainProcess | celery.worker.consumer.connection | Connected to amqp://fastapi_svc:**@127.0.0.1:5672/fastapi_vhost
2026-10-05 14:38:37,536 | INFO | MainProcess | celery.worker.consumer.mingle | mingle: searching for neighbors
2026-10-05 14:38:38,559 | INFO | MainProcess | celery.worker.consumer.mingle | mingle: all alone
2026-10-05 14:38:38,588 | INFO | MainProcess | celery.apps.worker | celery@blacky ready.
2026-10-05 14:39:57,389 | INFO | MainProcess | celery.worker.consumer.connection | Connected to amqp://fastapi_svc:**@127.0.0.1:5672/fastapi_vhost
2026-10-05 14:39:57,395 | INFO | MainProcess | celery.worker.consumer.mingle | mingle: searching for neighbors
2026-10-05 14:39:58,427 | INFO | MainProcess | celery.worker.consumer.mingle | mingle: all alone
2026-10-05 14:39:58,474 | INFO | MainProcess | celery.apps.worker | celery@blacky ready.
2026-10-05 14:42:17,392 | INFO | MainProcess | celery.worker.consumer.connection | Connected to amqp://fastapi_svc:**@127.0.0.1:5672/fastapi_vhost
2026-10-05 14:42:17,398 | INFO | MainProcess | celery.worker.consumer.mingle | mingle: searching for neighbors
2026-10-05 14:42:18,428 | INFO | MainProcess | celery.worker.consumer.mingle | mingle: all alone
2026-10-05 14:42:18,487 | INFO | MainProcess | celery.apps.worker | celery@blacky ready.
2026-10-05 14:45:11,563 | INFO | MainProcess | celery.worker.consumer.connection | Connected to amqp://fastapi_svc:**@127.0.0.1:5672/fastapi_vhost
2026-10-05 14:45:11,569 | INFO | MainProcess | celery.worker.consumer.mingle | mingle: searching for neighbors
2026-10-05 14:45:12,603 | INFO | MainProcess | celery.worker.consumer.mingle | mingle: all alone
2026-10-05 14:45:12,653 | INFO | MainProcess | celery.apps.worker | celery@blacky ready.
2026-10-05 14:45:29,385 | INFO | MainProcess | celery.worker.consumer.connection | Connected to amqp://fastapi_svc:**@127.0.0.1:5672/fastapi_vhost
2026-10-05 14:45:29,396 | INFO | MainProcess | celery.worker.consumer.mingle | mingle: searching for neighbors
2026-10-05 14:45:30,436 | INFO | MainProcess | celery.worker.consumer.mingle | mingle: all alone
2026-10-05 14:45:30,469 | INFO | MainProcess | celery.apps.worker | celery@blacky ready.
2026-10-05 14:47:24,428 | INFO | MainProcess | celery.worker.consumer.connection | Connected to amqp://fastapi_svc:**@127.0.0.1:5672/fastapi_vhost
2026-10-05 14:47:24,433 | INFO | MainProcess | celery.worker.consumer.mingle | mingle: searching for neighbors
2026-10-05 14:47:25,465 | INFO | MainProcess | celery.worker.consumer.mingle | mingle: all alone
2026-10-05 14:47:25,514 | INFO | MainProcess | celery.apps.worker | celery@blacky ready.
2026-10-05 14:47:44,113 | INFO | MainProcess | celery.worker.consumer.connection | Connected to amqp://fastapi_svc:**@127.0.0.1:5672/fastapi_vhost
2026-10-05 14:47:44,119 | INFO | MainProcess | celery.worker.consumer.mingle | mingle: searching for neighbors
2026-10-05 14:47:45,161 | INFO | MainProcess | celery.worker.consumer.mingle | mingle: all alone
2026-10-05 14:47:45,206 | INFO | MainProcess | celery.apps.worker | celery@blacky ready.
2026-10-05 14:57:47,145 | INFO | MainProcess | celery.worker.consumer.connection | Connected to amqp://fastapi_svc:**@127.0.0.1:5672/fastapi_vhost
2026-10-05 14:57:47,151 | INFO | MainProcess | celery.worker.consumer.mingle | mingle: searching for neighbors
2026-10-05 14:57:48,194 | INFO | MainProcess | celery.worker.consumer.mingle | mingle: all alone
2026-10-05 14:57:48,245 | INFO | MainProcess | celery.apps.worker | celery@blacky ready.
2026-10-05 15:02:33,438 | INFO | MainProcess | celery.worker.consumer.connection | Connected to amqp://fastapi_svc:**@127.0.0.1:5672/fastapi_vhost
2026-10-05 15:02:33,443 | INFO | MainProcess | celery.worker.consumer.mingle | mingle: searching for neighbors
2026-10-05 15:02:34,476 | INFO | MainProcess | celery.worker.consumer.mingle | mingle: all alone
2026-10-05 15:02:34,526 | INFO | MainProcess | celery.apps.worker | celery@blacky ready.
2026-10-05 15:02:49,058 | INFO | MainProcess | celery.worker.consumer.connection | Connected to amqp://fastapi_svc:**@127.0.0.1:5672/fastapi_vhost
2026-10-05 15:02:49,067 | INFO | MainProcess | celery.worker.consumer.mingle | mingle: searching for neighbors
2026-10-05 15:02:50,096 | INFO | MainProcess | celery.worker.consumer.mingle | mingle: all alone
2026-10-05 15:02:50,124 | INFO | MainProcess | celery.apps.worker | celery@blacky ready.
2026-10-05 15:04:13,967 | INFO | MainProcess | celery.worker.consumer.connection | Connected to amqp://fastapi_svc:**@127.0.0.1:5672/fastapi_vhost
2026-10-05 15:04:13,975 | INFO | MainProcess | celery.worker.consumer.mingle | mingle: searching for neighbors
2026-10-05 15:04:15,006 | INFO | MainProcess | celery.worker.consumer.mingle | mingle: all alone
2026-10-05 15:04:15,057 | INFO | MainProcess | celery.apps.worker | celery@blacky ready.
2026-10-05 15:04:49,331 | INFO | MainProcess | celery.worker.consumer.connection | Connected to amqp://fastapi_svc:**@127.0.0.1:5672/fastapi_vhost
2026-10-05 15:04:49,340 | INFO | MainProcess | celery.worker.consumer.mingle | mingle: searching for neighbors
2026-10-05 15:04:50,368 | INFO | MainProcess | celery.worker.consumer.mingle | mingle: all alone
2026-10-05 15:04:50,391 | INFO | MainProcess | celery.apps.worker | celery@blacky ready.
2026-10-05 15:05:02,114 | INFO | MainProcess | celery.worker.consumer.connection | Connected to amqp://fastapi_svc:**@127.0.0.1:5672/fastapi_vhost
2026-10-05 15:05:02,120 | INFO | MainProcess | celery.worker.consumer.mingle | mingle: searching for neighbors
2026-10-05 15:05:03,151 | INFO | MainProcess | celery.worker.consumer.mingle | mingle: all alone
2026-10-05 15:05:03,196 | INFO | MainProcess | celery.apps.worker | celery@blacky ready.
2026-10-05 15:06:16,391 | INFO | MainProcess | celery.worker.consumer.connection | Connected to amqp://fastapi_svc:**@127.0.0.1:5672/fastapi_vhost
2026-10-05 15:06:16,400 | INFO | MainProcess | celery.worker.consumer.mingle | mingle: searching for neighbors
2026-10-05 15:06:17,436 | INFO | MainProcess | celery.worker.consumer.mingle | mingle: all alone
2026-10-05 15:06:17,484 | INFO | MainProcess | celery.apps.worker | celery@blacky ready.
2026-10-05 15:07:17,233 | INFO | MainProcess | celery.worker.consumer.connection | Connected to amqp://fastapi_svc:**@127.0.0.1:5672/fastapi_vhost
2026-10-05 15:07:17,238 | INFO | MainProcess | celery.worker.consumer.mingle | mingle: searching for neighbors
2026-10-05 15:07:18,266 | INFO | MainProcess | celery.worker.consumer.mingle | mingle: all alone
2026-10-05 15:07:18,296 | INFO | MainProcess | celery.apps.worker | celery@blacky ready.
2026-10-05 15:07:26,921 | INFO | MainProcess | celery.worker.consumer.connection | Connected to amqp://fastapi_svc:**@127.0.0.1:5672/fastapi_vhost
2026-10-05 15:07:26,927 | INFO | MainProcess | celery.worker.consumer.mingle | mingle: searching for neighbors
2026-10-05 15:07:27,953 | INFO | MainProcess | celery.worker.consumer.mingle | mingle: all alone
2026-10-05 15:07:27,995 | INFO | MainProcess | celery.apps.worker | celery@blacky ready.
2026-10-05 15:10:18,976 | INFO | MainProcess | celery.worker.consumer.connection | Connected to amqp://fastapi_svc:**@127.0.0.1:5672/fastapi_vhost
2026-10-05 15:10:18,981 | INFO | MainProcess | celery.worker.consumer.mingle | mingle: searching for neighbors
2026-10-05 15:10:20,018 | INFO | MainProcess | celery.worker.consumer.mingle | mingle: all alone
2026-10-05 15:10:20,056 | INFO | MainProcess | celery.apps.worker | celery@blacky ready.
2026-10-05 15:20:54,185 | INFO | MainProcess | celery.worker.consumer.connection | Connected to amqp://fastapi_svc:**@127.0.0.1:5672/fastapi_vhost
2026-10-05 15:20:54,191 | INFO | MainProcess | celery.worker.consumer.mingle | mingle: searching for neighbors
2026-10-05 15:20:55,223 | INFO | MainProcess | celery.worker.consumer.mingle | mingle: all alone
2026-10-05 15:20:55,269 | INFO | MainProcess | celery.apps.worker | celery@blacky ready.
2026-10-05 15:21:04,031 | INFO | MainProcess | celery.worker.consumer.connection | Connected to amqp://fastapi_svc:**@127.0.0.1:5672/fastapi_vhost
2026-10-05 15:21:04,037 | INFO | MainProcess | celery.worker.consumer.mingle | mingle: searching for neighbors
2026-10-05 15:21:05,087 | INFO | MainProcess | celery.worker.consumer.mingle | mingle: all alone
2026-10-05 15:21:05,106 | INFO | MainProcess | celery.apps.worker | celery@blacky ready.
2026-10-05 15:21:12,676 | INFO | MainProcess | celery.worker.consumer.connection | Connected to amqp://fastapi_svc:**@127.0.0.1:5672/fastapi_vhost
2026-10-05 15:21:12,682 | INFO | MainProcess | celery.worker.consumer.mingle | mingle: searching for neighbors
2026-10-05 15:21:13,712 | INFO | MainProcess | celery.worker.consumer.mingle | mingle: all alone
2026-10-05 15:21:13,741 | INFO | MainProcess | celery.apps.worker | celery@blacky ready.
2026-10-05 15:21:23,419 | INFO | MainProcess | celery.worker.consumer.connection | Connected to amqp://fastapi_svc:**@127.0.0.1:5672/fastapi_vhost
2026-10-05 15:21:23,427 | INFO | MainProcess | celery.worker.consumer.mingle | mingle: searching for neighbors
2026-10-05 15:21:24,458 | INFO | MainProcess | celery.worker.consumer.mingle | mingle: all alone
2026-10-05 15:21:24,502 | INFO | MainProcess | celery.apps.worker | celery@blacky ready.
2026-10-05 15:21:30,212 | INFO | MainProcess | celery.worker.consumer.connection | Connected to amqp://fastapi_svc:**@127.0.0.1:5672/fastapi_vhost
2026-10-05 15:21:30,221 | INFO | MainProcess | celery.worker.consumer.mingle | mingle: searching for neighbors
2026-10-05 15:21:31,242 | INFO | MainProcess | celery.worker.consumer.mingle | mingle: all alone
2026-10-05 15:21:31,293 | INFO | MainProcess | celery.apps.worker | celery@blacky ready.
2026-10-05 15:24:07,193 | INFO | MainProcess | celery.worker.consumer.connection | Connected to amqp://fastapi_svc:**@127.0.0.1:5672/fastapi_vhost
2026-10-05 15:24:07,202 | INFO | MainProcess | celery.worker.consumer.mingle | mingle: searching for neighbors
2026-10-05 15:24:08,230 | INFO | MainProcess | celery.worker.consumer.mingle | mingle: all alone
2026-10-05 15:24:08,274 | INFO | MainProcess | celery.apps.worker | celery@blacky ready.
2026-10-05 15:24:21,915 | INFO | MainProcess | celery.worker.consumer.connection | Connected to amqp://fastapi_svc:**@127.0.0.1:5672/fastapi_vhost
2026-10-05 15:24:21,921 | INFO | MainProcess | celery.worker.consumer.mingle | mingle: searching for neighbors
2026-10-05 15:24:22,946 | INFO | MainProcess | celery.worker.consumer.mingle | mingle: all alone
2026-10-05 15:24:22,974 | INFO | MainProcess | celery.apps.worker | celery@blacky ready.
2026-10-05 15:24:45,766 | INFO | MainProcess | celery.worker.consumer.connection | Connected to amqp://fastapi_svc:**@127.0.0.1:5672/fastapi_vhost
2026-10-05 15:24:45,772 | INFO | MainProcess | celery.worker.consumer.mingle | mingle: searching for neighbors
2026-10-05 15:24:46,799 | INFO | MainProcess | celery.worker.consumer.mingle | mingle: all alone
2026-10-05 15:24:46,820 | INFO | MainProcess | celery.apps.worker | celery@blacky ready.
2026-10-05 15:24:59,686 | INFO | MainProcess | celery.worker.consumer.connection | Connected to amqp://fastapi_svc:**@127.0.0.1:5672/fastapi_vhost
2026-10-05 15:24:59,692 | INFO | MainProcess | celery.worker.consumer.mingle | mingle: searching for neighbors
2026-10-05 15:25:00,723 | INFO | MainProcess | celery.worker.consumer.mingle | mingle: all alone
2026-10-05 15:25:00,768 | INFO | MainProcess | celery.apps.worker | celery@blacky ready.
2026-10-05 15:25:41,917 | INFO | MainProcess | celery.worker.consumer.connection | Connected to amqp://fastapi_svc:**@127.0.0.1:5672/fastapi_vhost
2026-10-05 15:25:41,922 | INFO | MainProcess | celery.worker.consumer.mingle | mingle: searching for neighbors
2026-10-05 15:25:42,953 | INFO | MainProcess | celery.worker.consumer.mingle | mingle: all alone
2026-10-05 15:25:43,005 | INFO | MainProcess | celery.apps.worker | celery@blacky ready.
2026-10-05 15:28:06,981 | INFO | MainProcess | celery.worker.consumer.connection | Connected to amqp://fastapi_svc:**@127.0.0.1:5672/fastapi_vhost
2026-10-05 15:28:06,987 | INFO | MainProcess | celery.worker.consumer.mingle | mingle: searching for neighbors
2026-10-05 15:28:08,016 | INFO | MainProcess | celery.worker.consumer.mingle | mingle: all alone
2026-10-05 15:28:08,041 | INFO | MainProcess | celery.apps.worker | celery@blacky ready.
2026-10-05 15:28:26,755 | INFO | MainProcess | celery.worker.consumer.connection | Connected to amqp://fastapi_svc:**@127.0.0.1:5672/fastapi_vhost
2026-10-05 15:28:26,761 | INFO | MainProcess | celery.worker.consumer.mingle | mingle: searching for neighbors
2026-10-05 15:28:27,793 | INFO | MainProcess | celery.worker.consumer.mingle | mingle: all alone
2026-10-05 15:28:27,831 | INFO | MainProcess | celery.apps.worker | celery@blacky ready.
2026-10-05 15:35:59,341 | INFO | MainProcess | celery.worker.consumer.connection | Connected to amqp://fastapi_svc:**@127.0.0.1:5672/fastapi_vhost
2026-10-05 15:35:59,350 | INFO | MainProcess | celery.worker.consumer.mingle | mingle: searching for neighbors
2026-10-05 15:36:00,384 | INFO | MainProcess | celery.worker.consumer.mingle | mingle: all alone
2026-10-05 15:36:00,406 | INFO | MainProcess | celery.apps.worker | celery@blacky ready.
2026-10-05 15:37:05,023 | INFO | MainProcess | celery.worker.consumer.connection | Connected to amqp://fastapi_svc:**@127.0.0.1:5672/fastapi_vhost
2026-10-05 15:37:05,028 | INFO | MainProcess | celery.worker.consumer.mingle | mingle: searching for neighbors
2026-10-05 15:37:06,055 | INFO | MainProcess | celery.worker.consumer.mingle | mingle: all alone
2026-10-05 15:37:06,119 | INFO | MainProcess | celery.apps.worker | celery@blacky ready.
2026-10-05 15:45:33,925 | INFO | MainProcess | celery.worker.consumer.connection | Connected to amqp://fastapi_svc:**@127.0.0.1:5672/fastapi_vhost
2026-10-05 15:45:33,934 | INFO | MainProcess | celery.worker.consumer.mingle | mingle: searching for neighbors
2026-10-05 15:45:34,964 | INFO | MainProcess | celery.worker.consumer.mingle | mingle: all alone
2026-10-05 15:45:35,005 | INFO | MainProcess | celery.apps.worker | celery@blacky ready.
2026-10-05 15:48:49,047 | INFO | MainProcess | celery.worker.consumer.connection | Connected to amqp://fastapi_svc:**@127.0.0.1:5672/fastapi_vhost
2026-10-05 15:48:49,053 | INFO | MainProcess | celery.worker.consumer.mingle | mingle: searching for neighbors
2026-10-05 15:48:50,086 | INFO | MainProcess | celery.worker.consumer.mingle | mingle: all alone
2026-10-05 15:48:50,129 | INFO | MainProcess | celery.apps.worker | celery@blacky ready.
2026-10-05 15:50:23,161 | INFO | MainProcess | celery.worker.consumer.connection | Connected to amqp://fastapi_svc:**@127.0.0.1:5672/fastapi_vhost
2026-10-05 15:50:23,167 | INFO | MainProcess | celery.worker.consumer.mingle | mingle: searching for neighbors
2026-10-05 15:50:24,198 | INFO | MainProcess | celery.worker.consumer.mingle | mingle: all alone
2026-10-05 15:50:24,253 | INFO | MainProcess | celery.apps.worker | celery@blacky ready.
2026-10-05 15:53:03,182 | INFO | MainProcess | celery.worker.consumer.connection | Connected to amqp://fastapi_svc:**@127.0.0.1:5672/fastapi_vhost
2026-10-05 15:53:03,187 | INFO | MainProcess | celery.worker.consumer.mingle | mingle: searching for neighbors
2026-10-05 15:53:04,216 | INFO | MainProcess | celery.worker.consumer.mingle | mingle: all alone
2026-10-05 15:53:04,264 | INFO | MainProcess | celery.apps.worker | celery@blacky ready.
2026-10-05 15:53:28,399 | INFO | MainProcess | celery.worker.strategy | Task fs_csv_file_convert_db[2fb2423e-1cdf-4609-b20d-bee6a1416945] received
2026-10-05 15:53:28,401 | INFO | ForkPoolWorker-8 | celery.monitor | TASK_START name=fs_csv_file_convert_db id=2fb2423e-1cdf-4609-b20d-bee6a1416945
2026-10-05 15:53:28,454 | INFO | ForkPoolWorker-8 | sqlalchemy.engine.Engine | select pg_catalog.version()
2026-10-05 15:53:28,455 | INFO | ForkPoolWorker-8 | sqlalchemy.engine.Engine | [raw sql] ()
2026-10-05 15:53:28,457 | INFO | ForkPoolWorker-8 | sqlalchemy.engine.Engine | select current_schema()
2026-10-05 15:53:28,457 | INFO | ForkPoolWorker-8 | sqlalchemy.engine.Engine | [raw sql] ()
2026-10-05 15:53:28,458 | INFO | ForkPoolWorker-8 | sqlalchemy.engine.Engine | show standard_conforming_strings
2026-10-05 15:53:28,458 | INFO | ForkPoolWorker-8 | sqlalchemy.engine.Engine | [raw sql] ()
2026-10-05 15:53:28,459 | INFO | ForkPoolWorker-8 | sqlalchemy.engine.Engine | BEGIN (implicit)
2026-10-05 15:53:28,471 | INFO | ForkPoolWorker-8 | sqlalchemy.engine.Engine | SELECT ds_fileuploads.id, ds_fileuploads.file_name, ds_fileuploads.file_path, ds_fileuploads.uploaded_at, ds_fileuploads.upload_status, ds_fileuploads.prediction_status, ds_fileuploads.is_active, ds_fileuploads.convert_db 
FROM ds_fileuploads 
WHERE ds_fileuploads.id = $1::INTEGER
2026-10-05 15:53:28,471 | INFO | ForkPoolWorker-8 | sqlalchemy.engine.Engine | [generated in 0.00030s] (12,)
2026-10-05 15:53:28,474 | INFO | ForkPoolWorker-8 | sqlalchemy.engine.Engine | ROLLBACK
2026-10-05 15:53:28,522 | INFO | ForkPoolWorker-8 | celery.app.trace | Task fs_csv_file_convert_db[2fb2423e-1cdf-4609-b20d-bee6a1416945] succeeded in 0.12173578399961116s: 'Failed to upload file \'12\' to \'12\': EcommerceRepository.bulk_insert() missing 1 required positional argument: \'rows\''
2026-10-05 15:53:28,522 | INFO | ForkPoolWorker-8 | celery.monitor | TASK_DONE name=fs_csv_file_convert_db id=2fb2423e-1cdf-4609-b20d-bee6a1416945 state=SUCCESS
2026-10-05 15:56:41,422 | INFO | MainProcess | celery.worker.consumer.connection | Connected to amqp://fastapi_svc:**@127.0.0.1:5672/fastapi_vhost
2026-10-05 15:56:41,427 | INFO | MainProcess | celery.worker.consumer.mingle | mingle: searching for neighbors
2026-10-05 15:56:42,479 | INFO | MainProcess | celery.worker.consumer.mingle | mingle: all alone
2026-10-05 15:56:42,525 | INFO | MainProcess | celery.apps.worker | celery@blacky ready.
2026-10-05 15:56:45,155 | INFO | MainProcess | celery.worker.strategy | Task fs_csv_file_convert_db[ace30b08-81c7-48b8-8b3a-22d7901498f5] received
2026-10-05 15:56:45,156 | INFO | ForkPoolWorker-8 | celery.monitor | TASK_START name=fs_csv_file_convert_db id=ace30b08-81c7-48b8-8b3a-22d7901498f5
2026-10-05 15:56:45,204 | INFO | ForkPoolWorker-8 | sqlalchemy.engine.Engine | select pg_catalog.version()
2026-10-05 15:56:45,204 | INFO | ForkPoolWorker-8 | sqlalchemy.engine.Engine | [raw sql] ()
2026-10-05 15:56:45,206 | INFO | ForkPoolWorker-8 | sqlalchemy.engine.Engine | select current_schema()
2026-10-05 15:56:45,206 | INFO | ForkPoolWorker-8 | sqlalchemy.engine.Engine | [raw sql] ()
2026-10-05 15:56:45,208 | INFO | ForkPoolWorker-8 | sqlalchemy.engine.Engine | show standard_conforming_strings
2026-10-05 15:56:45,209 | INFO | ForkPoolWorker-8 | sqlalchemy.engine.Engine | [raw sql] ()
2026-10-05 15:56:45,210 | INFO | ForkPoolWorker-8 | sqlalchemy.engine.Engine | BEGIN (implicit)
2026-10-05 15:56:45,221 | INFO | ForkPoolWorker-8 | sqlalchemy.engine.Engine | SELECT ds_fileuploads.id, ds_fileuploads.file_name, ds_fileuploads.file_path, ds_fileuploads.uploaded_at, ds_fileuploads.upload_status, ds_fileuploads.prediction_status, ds_fileuploads.is_active, ds_fileuploads.convert_db 
FROM ds_fileuploads 
WHERE ds_fileuploads.id = $1::INTEGER
2026-10-05 15:56:45,221 | INFO | ForkPoolWorker-8 | sqlalchemy.engine.Engine | [generated in 0.00028s] (13,)
2026-10-05 15:56:45,224 | INFO | ForkPoolWorker-8 | sqlalchemy.engine.Engine | ROLLBACK
2026-10-05 15:56:45,257 | INFO | ForkPoolWorker-8 | celery.app.trace | Task fs_csv_file_convert_db[ace30b08-81c7-48b8-8b3a-22d7901498f5] succeeded in 0.1003895489993738s: 'Failed to upload file \'13\' to \'13\': EcommerceRepository.bulk_insert() missing 1 required positional argument: \'rows\''
2026-10-05 15:56:45,257 | INFO | ForkPoolWorker-8 | celery.monitor | TASK_DONE name=fs_csv_file_convert_db id=ace30b08-81c7-48b8-8b3a-22d7901498f5 state=SUCCESS
2026-10-05 15:59:21,488 | INFO | MainProcess | celery.worker.consumer.connection | Connected to amqp://fastapi_svc:**@127.0.0.1:5672/fastapi_vhost
2026-10-05 15:59:21,496 | INFO | MainProcess | celery.worker.consumer.mingle | mingle: searching for neighbors
2026-10-05 15:59:22,520 | INFO | MainProcess | celery.worker.consumer.mingle | mingle: all alone
2026-10-05 15:59:22,553 | INFO | MainProcess | celery.apps.worker | celery@blacky ready.
2026-10-05 16:00:40,168 | INFO | MainProcess | celery.worker.consumer.connection | Connected to amqp://fastapi_svc:**@127.0.0.1:5672/fastapi_vhost
2026-10-05 16:00:40,174 | INFO | MainProcess | celery.worker.consumer.mingle | mingle: searching for neighbors
2026-10-05 16:00:41,204 | INFO | MainProcess | celery.worker.consumer.mingle | mingle: all alone
2026-10-05 16:00:41,265 | INFO | MainProcess | celery.apps.worker | celery@blacky ready.
2026-10-05 16:01:44,015 | INFO | MainProcess | celery.worker.consumer.connection | Connected to amqp://fastapi_svc:**@127.0.0.1:5672/fastapi_vhost
2026-10-05 16:01:44,021 | INFO | MainProcess | celery.worker.consumer.mingle | mingle: searching for neighbors
2026-10-05 16:01:45,053 | INFO | MainProcess | celery.worker.consumer.mingle | mingle: all alone
2026-10-05 16:01:45,088 | INFO | MainProcess | celery.apps.worker | celery@blacky ready.
2026-10-05 16:02:09,573 | INFO | MainProcess | celery.worker.strategy | Task fs_csv_file_convert_db[326ba5b9-b22a-4f02-95f8-872fc5947dcf] received
2026-10-05 16:02:09,574 | INFO | ForkPoolWorker-8 | celery.monitor | TASK_START name=fs_csv_file_convert_db id=326ba5b9-b22a-4f02-95f8-872fc5947dcf
2026-10-05 16:02:09,625 | INFO | ForkPoolWorker-8 | sqlalchemy.engine.Engine | select pg_catalog.version()
2026-10-05 16:02:09,625 | INFO | ForkPoolWorker-8 | sqlalchemy.engine.Engine | [raw sql] ()
2026-10-05 16:02:09,628 | INFO | ForkPoolWorker-8 | sqlalchemy.engine.Engine | select current_schema()
2026-10-05 16:02:09,628 | INFO | ForkPoolWorker-8 | sqlalchemy.engine.Engine | [raw sql] ()
2026-10-05 16:02:09,629 | INFO | ForkPoolWorker-8 | sqlalchemy.engine.Engine | show standard_conforming_strings
2026-10-05 16:02:09,629 | INFO | ForkPoolWorker-8 | sqlalchemy.engine.Engine | [raw sql] ()
2026-10-05 16:02:09,630 | INFO | ForkPoolWorker-8 | sqlalchemy.engine.Engine | BEGIN (implicit)
2026-10-05 16:02:09,645 | INFO | ForkPoolWorker-8 | sqlalchemy.engine.Engine | SELECT ds_fileuploads.id, ds_fileuploads.file_name, ds_fileuploads.file_path, ds_fileuploads.uploaded_at, ds_fileuploads.upload_status, ds_fileuploads.prediction_status, ds_fileuploads.is_active, ds_fileuploads.convert_db 
FROM ds_fileuploads 
WHERE ds_fileuploads.id = $1::INTEGER
2026-10-05 16:02:09,645 | INFO | ForkPoolWorker-8 | sqlalchemy.engine.Engine | [generated in 0.00030s] (14,)
2026-10-05 16:02:09,647 | INFO | ForkPoolWorker-8 | sqlalchemy.engine.Engine | ROLLBACK
2026-10-05 16:02:09,706 | INFO | ForkPoolWorker-8 | celery.app.trace | Task fs_csv_file_convert_db[326ba5b9-b22a-4f02-95f8-872fc5947dcf] succeeded in 0.13157397200120613s: 'Failed to upload file \'14\' to \'14\': \'_GeneratorContextManager\' object has no attribute \'close\''
2026-10-05 16:02:09,706 | INFO | ForkPoolWorker-8 | celery.monitor | TASK_DONE name=fs_csv_file_convert_db id=326ba5b9-b22a-4f02-95f8-872fc5947dcf state=SUCCESS
2026-10-05 16:04:28,050 | INFO | MainProcess | celery.worker.consumer.connection | Connected to amqp://fastapi_svc:**@127.0.0.1:5672/fastapi_vhost
2026-10-05 16:04:28,056 | INFO | MainProcess | celery.worker.consumer.mingle | mingle: searching for neighbors
2026-10-05 16:04:29,090 | INFO | MainProcess | celery.worker.consumer.mingle | mingle: all alone
2026-10-05 16:04:29,145 | INFO | MainProcess | celery.apps.worker | celery@blacky ready.
2026-10-05 16:04:32,370 | INFO | MainProcess | celery.worker.strategy | Task fs_csv_file_convert_db[27cbf17d-466c-4ee9-91ad-0473c3d619fc] received
2026-10-05 16:04:32,372 | INFO | ForkPoolWorker-8 | celery.monitor | TASK_START name=fs_csv_file_convert_db id=27cbf17d-466c-4ee9-91ad-0473c3d619fc
2026-10-05 16:04:32,426 | INFO | ForkPoolWorker-8 | sqlalchemy.engine.Engine | select pg_catalog.version()
2026-10-05 16:04:32,427 | INFO | ForkPoolWorker-8 | sqlalchemy.engine.Engine | [raw sql] ()
2026-10-05 16:04:32,428 | INFO | ForkPoolWorker-8 | sqlalchemy.engine.Engine | select current_schema()
2026-10-05 16:04:32,429 | INFO | ForkPoolWorker-8 | sqlalchemy.engine.Engine | [raw sql] ()
2026-10-05 16:04:32,430 | INFO | ForkPoolWorker-8 | sqlalchemy.engine.Engine | show standard_conforming_strings
2026-10-05 16:04:32,430 | INFO | ForkPoolWorker-8 | sqlalchemy.engine.Engine | [raw sql] ()
2026-10-05 16:04:32,431 | INFO | ForkPoolWorker-8 | sqlalchemy.engine.Engine | BEGIN (implicit)
2026-10-05 16:04:32,442 | INFO | ForkPoolWorker-8 | sqlalchemy.engine.Engine | SELECT ds_fileuploads.id, ds_fileuploads.file_name, ds_fileuploads.file_path, ds_fileuploads.uploaded_at, ds_fileuploads.upload_status, ds_fileuploads.prediction_status, ds_fileuploads.is_active, ds_fileuploads.convert_db 
FROM ds_fileuploads 
WHERE ds_fileuploads.id = $1::INTEGER
2026-10-05 16:04:32,442 | INFO | ForkPoolWorker-8 | sqlalchemy.engine.Engine | [generated in 0.00031s] (15,)
2026-10-05 16:04:32,444 | INFO | ForkPoolWorker-8 | sqlalchemy.engine.Engine | ROLLBACK
2026-10-05 16:04:32,494 | INFO | ForkPoolWorker-8 | celery.app.trace | Task fs_csv_file_convert_db[27cbf17d-466c-4ee9-91ad-0473c3d619fc] succeeded in 0.12196852900160593s: 'Failed to upload file \'15\' to \'15\': \'EcommerceRepository\' object has no attribute \'close\''
2026-10-05 16:04:32,494 | INFO | ForkPoolWorker-8 | celery.monitor | TASK_DONE name=fs_csv_file_convert_db id=27cbf17d-466c-4ee9-91ad-0473c3d619fc state=SUCCESS
2026-10-05 16:06:33,925 | INFO | MainProcess | celery.worker.consumer.connection | Connected to amqp://fastapi_svc:**@127.0.0.1:5672/fastapi_vhost
2026-10-05 16:06:33,931 | INFO | MainProcess | celery.worker.consumer.mingle | mingle: searching for neighbors
2026-10-05 16:06:34,968 | INFO | MainProcess | celery.worker.consumer.mingle | mingle: all alone
2026-10-05 16:06:35,020 | INFO | MainProcess | celery.apps.worker | celery@blacky ready.
2026-10-05 16:06:37,412 | INFO | MainProcess | celery.worker.strategy | Task fs_csv_file_convert_db[eaf0e9fc-696a-4574-a7a1-ca1af500787d] received
2026-10-05 16:06:37,414 | INFO | ForkPoolWorker-8 | celery.monitor | TASK_START name=fs_csv_file_convert_db id=eaf0e9fc-696a-4574-a7a1-ca1af500787d
2026-10-05 16:06:37,464 | INFO | ForkPoolWorker-8 | sqlalchemy.engine.Engine | select pg_catalog.version()
2026-10-05 16:06:37,464 | INFO | ForkPoolWorker-8 | sqlalchemy.engine.Engine | [raw sql] ()
2026-10-05 16:06:37,467 | INFO | ForkPoolWorker-8 | sqlalchemy.engine.Engine | select current_schema()
2026-10-05 16:06:37,467 | INFO | ForkPoolWorker-8 | sqlalchemy.engine.Engine | [raw sql] ()
2026-10-05 16:06:37,468 | INFO | ForkPoolWorker-8 | sqlalchemy.engine.Engine | show standard_conforming_strings
2026-10-05 16:06:37,468 | INFO | ForkPoolWorker-8 | sqlalchemy.engine.Engine | [raw sql] ()
2026-10-05 16:06:37,470 | INFO | ForkPoolWorker-8 | sqlalchemy.engine.Engine | BEGIN (implicit)
2026-10-05 16:06:37,482 | INFO | ForkPoolWorker-8 | sqlalchemy.engine.Engine | SELECT ds_fileuploads.id, ds_fileuploads.file_name, ds_fileuploads.file_path, ds_fileuploads.uploaded_at, ds_fileuploads.upload_status, ds_fileuploads.prediction_status, ds_fileuploads.is_active, ds_fileuploads.convert_db 
FROM ds_fileuploads 
WHERE ds_fileuploads.id = $1::INTEGER
2026-10-05 16:06:37,482 | INFO | ForkPoolWorker-8 | sqlalchemy.engine.Engine | [generated in 0.00037s] (16,)
2026-10-05 16:06:37,484 | INFO | ForkPoolWorker-8 | sqlalchemy.engine.Engine | ROLLBACK
2026-10-05 16:06:37,533 | INFO | ForkPoolWorker-8 | celery.app.trace | Task fs_csv_file_convert_db[eaf0e9fc-696a-4574-a7a1-ca1af500787d] succeeded in 0.11941429800208425s: 'Failed to upload file \'16\' to \'16\': \'EcommerceRepository\' object has no attribute \'close\''
2026-10-05 16:06:37,533 | INFO | ForkPoolWorker-8 | celery.monitor | TASK_DONE name=fs_csv_file_convert_db id=eaf0e9fc-696a-4574-a7a1-ca1af500787d state=SUCCESS
2026-10-05 16:06:51,669 | INFO | MainProcess | celery.worker.consumer.connection | Connected to amqp://fastapi_svc:**@127.0.0.1:5672/fastapi_vhost
2026-10-05 16:06:51,674 | INFO | MainProcess | celery.worker.consumer.mingle | mingle: searching for neighbors
2026-10-05 16:06:52,700 | INFO | MainProcess | celery.worker.consumer.mingle | mingle: all alone
2026-10-05 16:06:52,728 | INFO | MainProcess | celery.apps.worker | celery@blacky ready.
2026-10-05 16:07:49,074 | INFO | MainProcess | celery.worker.consumer.connection | Connected to amqp://fastapi_svc:**@127.0.0.1:5672/fastapi_vhost
2026-10-05 16:07:49,080 | INFO | MainProcess | celery.worker.consumer.mingle | mingle: searching for neighbors
2026-10-05 16:07:50,103 | INFO | MainProcess | celery.worker.consumer.mingle | mingle: all alone
2026-10-05 16:07:50,124 | INFO | MainProcess | celery.apps.worker | celery@blacky ready.
2026-10-05 16:07:53,599 | INFO | MainProcess | celery.worker.strategy | Task fs_csv_file_convert_db[a60d7ee9-9fad-4338-89fe-49920ac4047b] received
2026-10-05 16:07:53,601 | INFO | ForkPoolWorker-8 | celery.monitor | TASK_START name=fs_csv_file_convert_db id=a60d7ee9-9fad-4338-89fe-49920ac4047b
2026-10-05 16:07:53,650 | INFO | ForkPoolWorker-8 | sqlalchemy.engine.Engine | select pg_catalog.version()
2026-10-05 16:07:53,651 | INFO | ForkPoolWorker-8 | sqlalchemy.engine.Engine | [raw sql] ()
2026-10-05 16:07:53,653 | INFO | ForkPoolWorker-8 | sqlalchemy.engine.Engine | select current_schema()
2026-10-05 16:07:53,653 | INFO | ForkPoolWorker-8 | sqlalchemy.engine.Engine | [raw sql] ()
2026-10-05 16:07:53,655 | INFO | ForkPoolWorker-8 | sqlalchemy.engine.Engine | show standard_conforming_strings
2026-10-05 16:07:53,655 | INFO | ForkPoolWorker-8 | sqlalchemy.engine.Engine | [raw sql] ()
2026-10-05 16:07:53,656 | INFO | ForkPoolWorker-8 | sqlalchemy.engine.Engine | BEGIN (implicit)
2026-10-05 16:07:53,669 | INFO | ForkPoolWorker-8 | sqlalchemy.engine.Engine | SELECT ds_fileuploads.id, ds_fileuploads.file_name, ds_fileuploads.file_path, ds_fileuploads.uploaded_at, ds_fileuploads.upload_status, ds_fileuploads.prediction_status, ds_fileuploads.is_active, ds_fileuploads.convert_db 
FROM ds_fileuploads 
WHERE ds_fileuploads.id = $1::INTEGER
2026-10-05 16:07:53,669 | INFO | ForkPoolWorker-8 | sqlalchemy.engine.Engine | [generated in 0.00028s] (17,)
2026-10-05 16:07:53,671 | INFO | ForkPoolWorker-8 | sqlalchemy.engine.Engine | ROLLBACK
2026-10-05 16:07:53,720 | INFO | ForkPoolWorker-8 | celery.app.trace | Task fs_csv_file_convert_db[a60d7ee9-9fad-4338-89fe-49920ac4047b] succeeded in 0.11858573100107606s: 'File \'17\' successfully processed.'
2026-10-05 16:07:53,720 | INFO | ForkPoolWorker-8 | celery.monitor | TASK_DONE name=fs_csv_file_convert_db id=a60d7ee9-9fad-4338-89fe-49920ac4047b state=SUCCESS
2026-10-05 16:08:36,878 | INFO | MainProcess | celery.worker.consumer.connection | Connected to amqp://fastapi_svc:**@127.0.0.1:5672/fastapi_vhost
2026-10-05 16:08:36,883 | INFO | MainProcess | celery.worker.consumer.mingle | mingle: searching for neighbors
2026-10-05 16:08:37,905 | INFO | MainProcess | celery.worker.consumer.mingle | mingle: all alone
2026-10-05 16:08:37,929 | INFO | MainProcess | celery.apps.worker | celery@blacky ready.
2026-10-05 16:08:50,355 | INFO | MainProcess | celery.worker.strategy | Task fs_csv_file_convert_db[b72b0b90-a37d-4c3d-bb0c-105b08fcba83] received
2026-10-05 16:08:50,357 | INFO | ForkPoolWorker-8 | celery.monitor | TASK_START name=fs_csv_file_convert_db id=b72b0b90-a37d-4c3d-bb0c-105b08fcba83
2026-10-05 16:08:50,410 | INFO | ForkPoolWorker-8 | sqlalchemy.engine.Engine | select pg_catalog.version()
2026-10-05 16:08:50,410 | INFO | ForkPoolWorker-8 | sqlalchemy.engine.Engine | [raw sql] ()
2026-10-05 16:08:50,412 | INFO | ForkPoolWorker-8 | sqlalchemy.engine.Engine | select current_schema()
2026-10-05 16:08:50,412 | INFO | ForkPoolWorker-8 | sqlalchemy.engine.Engine | [raw sql] ()
2026-10-05 16:08:50,413 | INFO | ForkPoolWorker-8 | sqlalchemy.engine.Engine | show standard_conforming_strings
2026-10-05 16:08:50,413 | INFO | ForkPoolWorker-8 | sqlalchemy.engine.Engine | [raw sql] ()
2026-10-05 16:08:50,414 | INFO | ForkPoolWorker-8 | sqlalchemy.engine.Engine | BEGIN (implicit)
2026-10-05 16:08:50,426 | INFO | ForkPoolWorker-8 | sqlalchemy.engine.Engine | SELECT ds_fileuploads.id, ds_fileuploads.file_name, ds_fileuploads.file_path, ds_fileuploads.uploaded_at, ds_fileuploads.upload_status, ds_fileuploads.prediction_status, ds_fileuploads.is_active, ds_fileuploads.convert_db 
FROM ds_fileuploads 
WHERE ds_fileuploads.id = $1::INTEGER
2026-10-05 16:08:50,426 | INFO | ForkPoolWorker-8 | sqlalchemy.engine.Engine | [generated in 0.00028s] (18,)
2026-10-05 16:08:50,429 | INFO | ForkPoolWorker-8 | sqlalchemy.engine.Engine | ROLLBACK
2026-10-05 16:08:50,477 | INFO | ForkPoolWorker-8 | celery.app.trace | Task fs_csv_file_convert_db[b72b0b90-a37d-4c3d-bb0c-105b08fcba83] succeeded in 0.12013725400174735s: 'File \'18\' successfully processed.'
2026-10-05 16:08:50,477 | INFO | ForkPoolWorker-8 | celery.monitor | TASK_DONE name=fs_csv_file_convert_db id=b72b0b90-a37d-4c3d-bb0c-105b08fcba83 state=SUCCESS
2026-10-05 16:10:30,777 | INFO | MainProcess | celery.worker.consumer.connection | Connected to amqp://fastapi_svc:**@127.0.0.1:5672/fastapi_vhost
2026-10-05 16:10:30,786 | INFO | MainProcess | celery.worker.consumer.mingle | mingle: searching for neighbors
2026-10-05 16:10:31,813 | INFO | MainProcess | celery.worker.consumer.mingle | mingle: all alone
2026-10-05 16:10:31,854 | INFO | MainProcess | celery.apps.worker | celery@blacky ready.
2026-10-05 16:12:03,775 | INFO | MainProcess | celery.worker.consumer.connection | Connected to amqp://fastapi_svc:**@127.0.0.1:5672/fastapi_vhost
2026-10-05 16:12:03,780 | INFO | MainProcess | celery.worker.consumer.mingle | mingle: searching for neighbors
2026-10-05 16:12:04,810 | INFO | MainProcess | celery.worker.consumer.mingle | mingle: all alone
2026-10-05 16:12:04,841 | INFO | MainProcess | celery.apps.worker | celery@blacky ready.
2026-10-05 16:12:08,431 | INFO | MainProcess | celery.worker.strategy | Task fs_csv_file_convert_db[58f43eb0-bd27-4cf9-a011-ef18fa9d6b57] received
2026-10-05 16:12:08,433 | INFO | ForkPoolWorker-8 | celery.monitor | TASK_START name=fs_csv_file_convert_db id=58f43eb0-bd27-4cf9-a011-ef18fa9d6b57
2026-10-05 16:12:08,484 | INFO | ForkPoolWorker-8 | sqlalchemy.engine.Engine | select pg_catalog.version()
2026-10-05 16:12:08,485 | INFO | ForkPoolWorker-8 | sqlalchemy.engine.Engine | [raw sql] ()
2026-10-05 16:12:08,487 | INFO | ForkPoolWorker-8 | sqlalchemy.engine.Engine | select current_schema()
2026-10-05 16:12:08,487 | INFO | ForkPoolWorker-8 | sqlalchemy.engine.Engine | [raw sql] ()
2026-10-05 16:12:08,488 | INFO | ForkPoolWorker-8 | sqlalchemy.engine.Engine | show standard_conforming_strings
2026-10-05 16:12:08,488 | INFO | ForkPoolWorker-8 | sqlalchemy.engine.Engine | [raw sql] ()
2026-10-05 16:12:08,489 | INFO | ForkPoolWorker-8 | sqlalchemy.engine.Engine | BEGIN (implicit)
2026-10-05 16:12:08,500 | INFO | ForkPoolWorker-8 | sqlalchemy.engine.Engine | SELECT ds_fileuploads.id, ds_fileuploads.file_name, ds_fileuploads.file_path, ds_fileuploads.uploaded_at, ds_fileuploads.upload_status, ds_fileuploads.prediction_status, ds_fileuploads.is_active, ds_fileuploads.convert_db 
FROM ds_fileuploads 
WHERE ds_fileuploads.id = $1::INTEGER
2026-10-05 16:12:08,501 | INFO | ForkPoolWorker-8 | sqlalchemy.engine.Engine | [generated in 0.00029s] (19,)
2026-10-05 16:12:08,506 | INFO | ForkPoolWorker-8 | sqlalchemy.engine.Engine | ROLLBACK
2026-10-05 16:12:08,560 | INFO | ForkPoolWorker-8 | celery.app.trace | Task fs_csv_file_convert_db[58f43eb0-bd27-4cf9-a011-ef18fa9d6b57] succeeded in 0.12733534699873417s: 'File \'19\' successfully processed.'
2026-10-05 16:12:08,560 | INFO | ForkPoolWorker-8 | celery.monitor | TASK_DONE name=fs_csv_file_convert_db id=58f43eb0-bd27-4cf9-a011-ef18fa9d6b57 state=SUCCESS
2026-10-05 16:13:31,619 | INFO | MainProcess | celery.worker.consumer.connection | Connected to amqp://fastapi_svc:**@127.0.0.1:5672/fastapi_vhost
2026-10-05 16:13:31,631 | INFO | MainProcess | celery.worker.consumer.mingle | mingle: searching for neighbors
2026-10-05 16:13:32,667 | INFO | MainProcess | celery.worker.consumer.mingle | mingle: all alone
2026-10-05 16:13:32,710 | INFO | MainProcess | celery.apps.worker | celery@blacky ready.
2026-10-05 16:13:38,033 | INFO | MainProcess | celery.worker.strategy | Task fs_csv_file_convert_db[ab8c224e-2aac-46b9-b0db-19e06c0acfcc] received
2026-10-05 16:13:38,035 | INFO | ForkPoolWorker-8 | celery.monitor | TASK_START name=fs_csv_file_convert_db id=ab8c224e-2aac-46b9-b0db-19e06c0acfcc
2026-10-05 16:13:38,087 | INFO | ForkPoolWorker-8 | sqlalchemy.engine.Engine | select pg_catalog.version()
2026-10-05 16:13:38,088 | INFO | ForkPoolWorker-8 | sqlalchemy.engine.Engine | [raw sql] ()
2026-10-05 16:13:38,090 | INFO | ForkPoolWorker-8 | sqlalchemy.engine.Engine | select current_schema()
2026-10-05 16:13:38,090 | INFO | ForkPoolWorker-8 | sqlalchemy.engine.Engine | [raw sql] ()
2026-10-05 16:13:38,091 | INFO | ForkPoolWorker-8 | sqlalchemy.engine.Engine | show standard_conforming_strings
2026-10-05 16:13:38,092 | INFO | ForkPoolWorker-8 | sqlalchemy.engine.Engine | [raw sql] ()
2026-10-05 16:13:38,093 | INFO | ForkPoolWorker-8 | sqlalchemy.engine.Engine | BEGIN (implicit)
2026-10-05 16:13:38,105 | INFO | ForkPoolWorker-8 | sqlalchemy.engine.Engine | SELECT ds_fileuploads.id, ds_fileuploads.file_name, ds_fileuploads.file_path, ds_fileuploads.uploaded_at, ds_fileuploads.upload_status, ds_fileuploads.prediction_status, ds_fileuploads.is_active, ds_fileuploads.convert_db 
FROM ds_fileuploads 
WHERE ds_fileuploads.id = $1::INTEGER
2026-10-05 16:13:38,105 | INFO | ForkPoolWorker-8 | sqlalchemy.engine.Engine | [generated in 0.00029s] (20,)
2026-10-05 16:13:38,107 | INFO | ForkPoolWorker-8 | sqlalchemy.engine.Engine | ROLLBACK
2026-10-05 16:13:38,200 | INFO | ForkPoolWorker-8 | celery.app.trace | Task fs_csv_file_convert_db[ab8c224e-2aac-46b9-b0db-19e06c0acfcc] succeeded in 0.16529489100139472s: 'File \'20\' successfully processed.'
2026-10-05 16:13:38,200 | INFO | ForkPoolWorker-8 | celery.monitor | TASK_DONE name=fs_csv_file_convert_db id=ab8c224e-2aac-46b9-b0db-19e06c0acfcc state=SUCCESS
2026-10-05 16:14:02,286 | INFO | MainProcess | celery.worker.consumer.connection | Connected to amqp://fastapi_svc:**@127.0.0.1:5672/fastapi_vhost
2026-10-05 16:14:02,291 | INFO | MainProcess | celery.worker.consumer.mingle | mingle: searching for neighbors
2026-10-05 16:14:03,321 | INFO | MainProcess | celery.worker.consumer.mingle | mingle: all alone
2026-10-05 16:14:03,347 | INFO | MainProcess | celery.apps.worker | celery@blacky ready.
2026-10-05 16:14:03,473 | INFO | MainProcess | celery.worker.strategy | Task fs_csv_file_convert_db[96de86a4-c805-436a-804b-0bda2eee055f] received
2026-10-05 16:14:03,475 | INFO | ForkPoolWorker-8 | celery.monitor | TASK_START name=fs_csv_file_convert_db id=96de86a4-c805-436a-804b-0bda2eee055f
2026-10-05 16:14:03,522 | INFO | ForkPoolWorker-8 | sqlalchemy.engine.Engine | select pg_catalog.version()
2026-10-05 16:14:03,522 | INFO | ForkPoolWorker-8 | sqlalchemy.engine.Engine | [raw sql] ()
2026-10-05 16:14:03,525 | INFO | ForkPoolWorker-8 | sqlalchemy.engine.Engine | select current_schema()
2026-10-05 16:14:03,525 | INFO | ForkPoolWorker-8 | sqlalchemy.engine.Engine | [raw sql] ()
2026-10-05 16:14:03,526 | INFO | ForkPoolWorker-8 | sqlalchemy.engine.Engine | show standard_conforming_strings
2026-10-05 16:14:03,526 | INFO | ForkPoolWorker-8 | sqlalchemy.engine.Engine | [raw sql] ()
2026-10-05 16:14:03,527 | INFO | ForkPoolWorker-8 | sqlalchemy.engine.Engine | BEGIN (implicit)
2026-10-05 16:14:03,539 | INFO | ForkPoolWorker-8 | sqlalchemy.engine.Engine | SELECT ds_fileuploads.id, ds_fileuploads.file_name, ds_fileuploads.file_path, ds_fileuploads.uploaded_at, ds_fileuploads.upload_status, ds_fileuploads.prediction_status, ds_fileuploads.is_active, ds_fileuploads.convert_db 
FROM ds_fileuploads 
WHERE ds_fileuploads.id = $1::INTEGER
2026-10-05 16:14:03,539 | INFO | ForkPoolWorker-8 | sqlalchemy.engine.Engine | [generated in 0.00029s] (21,)
2026-10-05 16:14:03,541 | INFO | ForkPoolWorker-8 | sqlalchemy.engine.Engine | ROLLBACK
2026-10-05 16:14:03,643 | INFO | ForkPoolWorker-8 | celery.app.trace | Task fs_csv_file_convert_db[96de86a4-c805-436a-804b-0bda2eee055f] succeeded in 0.1682170549975126s: 'File \'21\' successfully processed.'
2026-10-05 16:14:03,643 | INFO | ForkPoolWorker-8 | celery.monitor | TASK_DONE name=fs_csv_file_convert_db id=96de86a4-c805-436a-804b-0bda2eee055f state=SUCCESS
2026-10-05 16:16:40,927 | INFO | MainProcess | celery.worker.strategy | Task fs_csv_file_convert_db[58d91db2-4cef-4c73-8ce1-f1b82d8ac866] received
2026-10-05 16:16:40,929 | INFO | ForkPoolWorker-8 | celery.monitor | TASK_START name=fs_csv_file_convert_db id=58d91db2-4cef-4c73-8ce1-f1b82d8ac866
2026-10-05 16:16:40,933 | ERROR | ForkPoolWorker-8 | sqlalchemy.pool.impl.AsyncAdaptedQueuePool | Exception terminating connection <AdaptedConnection <asyncpg.connection.Connection object at 0x7f43cdab96d0>>
Traceback (most recent call last):
  File "/home/blacky/working/github-workspace/python-webframework/fastapi/fasiapi-sqlalchemy/devvenv/lib/python3.14/site-packages/sqlalchemy/pool/base.py", line 372, in _close_connection
    self._dialect.do_terminate(connection)
    ~~~~~~~~~~~~~~~~~~~~~~~~~~^^^^^^^^^^^^
  File "/home/blacky/working/github-workspace/python-webframework/fastapi/fasiapi-sqlalchemy/devvenv/lib/python3.14/site-packages/sqlalchemy/dialects/postgresql/asyncpg.py", line 1127, in do_terminate
    dbapi_connection.terminate()
    ~~~~~~~~~~~~~~~~~~~~~~~~~~^^
  File "/home/blacky/working/github-workspace/python-webframework/fastapi/fasiapi-sqlalchemy/devvenv/lib/python3.14/site-packages/sqlalchemy/connectors/asyncio.py", line 402, in terminate
    self.await_(asyncio.shield(self._terminate_graceful_close()))  # type: ignore[attr-defined] # noqa: E501
    ~~~~~~~~~~~^^^^^^^^^^^^^^^^^^^^^^^^^^^^^^^^^^^^^^^^^^^^^^^^^^
  File "/home/blacky/working/github-workspace/python-webframework/fastapi/fasiapi-sqlalchemy/devvenv/lib/python3.14/site-packages/sqlalchemy/util/_concurrency_py3k.py", line 132, in await_only
    return current.parent.switch(awaitable)  # type: ignore[no-any-return,attr-defined] # noqa: E501
           ~~~~~~~~~~~~~~~~~~~~~^^^^^^^^^^^
  File "/home/blacky/working/github-workspace/python-webframework/fastapi/fasiapi-sqlalchemy/devvenv/lib/python3.14/site-packages/sqlalchemy/util/_concurrency_py3k.py", line 196, in greenlet_spawn
    value = await result
            ^^^^^^^^^^^^
  File "/home/blacky/working/github-workspace/python-webframework/fastapi/fasiapi-sqlalchemy/devvenv/lib/python3.14/site-packages/sqlalchemy/dialects/postgresql/asyncpg.py", line 912, in _terminate_graceful_close
    await self._connection.close(timeout=2)
  File "/home/blacky/working/github-workspace/python-webframework/fastapi/fasiapi-sqlalchemy/devvenv/lib/python3.14/site-packages/asyncpg/connection.py", line 1513, in close
    await self._protocol.close(timeout)
  File "asyncpg/protocol/protocol.pyx", line 617, in close
  File "asyncpg/protocol/protocol.pyx", line 650, in asyncpg.protocol.protocol.BaseProtocol._request_cancel
    con._cancel_current_command(self.cancel_sent_waiter)
  File "/home/blacky/working/github-workspace/python-webframework/fastapi/fasiapi-sqlalchemy/devvenv/lib/python3.14/site-packages/asyncpg/connection.py", line 1682, in _cancel_current_command
    self._cancellations.add(self._loop.create_task(self._cancel(waiter)))
                            ~~~~~~~~~~~~~~~~~~~~~~^^^^^^^^^^^^^^^^^^^^^^
  File "/usr/lib/python3.14/asyncio/base_events.py", line 467, in create_task
    self._check_closed()
    ~~~~~~~~~~~~~~~~~~^^
  File "/usr/lib/python3.14/asyncio/base_events.py", line 551, in _check_closed
    raise RuntimeError('Event loop is closed')
RuntimeError: Event loop is closed
2026-10-05 16:16:40,947 | INFO | ForkPoolWorker-8 | celery.app.trace | Task fs_csv_file_convert_db[58d91db2-4cef-4c73-8ce1-f1b82d8ac866] succeeded in 0.01825762899898109s: 'Failed to upload file \'22\' to \'22\': Task <Task pending name=\'Task-6\' coro=<AsyncToSync.__call__.<locals>.new_loop_wrap() running at /home/blacky/working/github-workspace/python-webframework/fastapi/fasiapi-sqlalchemy/devvenv/lib/python3.14/site-packages/asgiref/sync.py:284> cb=[_run_until_complete_cb() at /usr/lib/python3.14/asyncio/base_events.py:181]> got Future <Future pending cb=[BaseProtocol._on_waiter_completed()]> attached to a different loop'
2026-10-05 16:16:40,948 | INFO | ForkPoolWorker-8 | celery.monitor | TASK_DONE name=fs_csv_file_convert_db id=58d91db2-4cef-4c73-8ce1-f1b82d8ac866 state=SUCCESS
2026-10-05 16:18:35,166 | INFO | MainProcess | celery.worker.strategy | Task fs_csv_file_convert_db[8de2a0fd-b60f-455f-8a86-ffe88456e534] received
2026-10-05 16:18:35,167 | INFO | ForkPoolWorker-8 | celery.monitor | TASK_START name=fs_csv_file_convert_db id=8de2a0fd-b60f-455f-8a86-ffe88456e534
2026-10-05 16:18:35,208 | INFO | ForkPoolWorker-8 | sqlalchemy.engine.Engine | BEGIN (implicit)
2026-10-05 16:18:35,208 | INFO | ForkPoolWorker-8 | sqlalchemy.engine.Engine | SELECT ds_fileuploads.id, ds_fileuploads.file_name, ds_fileuploads.file_path, ds_fileuploads.uploaded_at, ds_fileuploads.upload_status, ds_fileuploads.prediction_status, ds_fileuploads.is_active, ds_fileuploads.convert_db 
FROM ds_fileuploads 
WHERE ds_fileuploads.id = $1::INTEGER
2026-10-05 16:18:35,208 | INFO | ForkPoolWorker-8 | sqlalchemy.engine.Engine | [cached since 271.7s ago] (23,)
2026-10-05 16:18:35,211 | INFO | ForkPoolWorker-8 | sqlalchemy.engine.Engine | ROLLBACK
2026-10-05 16:18:35,223 | WARNING | ForkPoolWorker-8 | py.warnings | /home/blacky/working/github-workspace/python-webframework/fastapi/fasiapi-sqlalchemy/src/fileupload/fs_tasks.py:27: RuntimeWarning: coroutine 'Connection._cancel' was never awaited
  if len(rows) >= 10_000:

2026-10-05 16:18:35,330 | INFO | ForkPoolWorker-8 | celery.app.trace | Task fs_csv_file_convert_db[8de2a0fd-b60f-455f-8a86-ffe88456e534] succeeded in 0.16235425200284226s: 'File \'23\' successfully processed.'
2026-10-05 16:18:35,330 | INFO | ForkPoolWorker-8 | celery.monitor | TASK_DONE name=fs_csv_file_convert_db id=8de2a0fd-b60f-455f-8a86-ffe88456e534 state=SUCCESS
